[dinsonkadudhus.com/demo/wordpress-responsive-crossword-puzzle-game/index.html]
[backblue.gif]
[fade.gif]
[index.html]
[dinsonkadudhus.com/demo/wp-includes/js/jquery/jqueryb8ff.js]
[dinsonkadudhus.com/demo/wp-includes/js/jquery/jquery-migrate.min330a.js]
[dinsonkadudhus.com/demo/wp-content/plugins/bloodbank/js/bloodbank3a40.js]
[dinsonkadudhus.com/demo/wp-content/plugins/covid_19_info_bar/js/frontend3a40.js]
[dinsonkadudhus.com/demo/wp-content/plugins/crossword/js/crossword-frontend3a40.js]
[dinsonkadudhus.com/demo/wp-content/plugins/google_mapped_testimonial/js/map3a40.js]
[dinsonkadudhus.com/demo/wp-content/plugins/snakeladder/js/snakeladder3a40.js]
[dinsonkadudhus.com/demo/wp-content/plugins/snakeladder/js/system3a40.js]
[dinsonkadudhus.com/demo/wp-includes/js/wp-embed.min3a40.js]
[dinsonkadudhus.com/demo/wordpress-responsive-crossword-puzzle-game/index.html]
[dinsonkadudhus.com/demo/wp-includes/css/dist/block-library/style.min3a40.css]
[dinsonkadudhus.com/demo/wp-includes/css/dist/block-library/theme.min3a40.css]
[dinsonkadudhus.com/demo/wp-content/plugins/bloodbank/css/bloodbank3a40.css]
[dinsonkadudhus.com/demo/wp-content/plugins/covid_19_info_bar/images/covid-bg.jpg]
[dinsonkadudhus.com/demo/wp-content/plugins/covid_19_info_bar/images/covid-alert-icon.png]
[dinsonkadudhus.com/demo/wp-content/plugins/covid_19_info_bar/css/frontend3a40.css]
[dinsonkadudhus.com/demo/wp-content/plugins/crossword/images/wrong-bg.png]
[dinsonkadudhus.com/demo/wp-content/plugins/crossword/images/tick.png]
[dinsonkadudhus.com/demo/wp-content/plugins/crossword/images/crossword-login-bg.png]
[dinsonkadudhus.com/demo/wp-content/plugins/crossword/css/crossword-frontend3a40.css]
[dinsonkadudhus.com/demo/wp-content/plugins/google_mapped_testimonial/css/style3a40.css]
[dinsonkadudhus.com/demo/wp-content/plugins/snakeladder/images/loader.gif]
[dinsonkadudhus.com/demo/wp-content/plugins/snakeladder/css/style3a40.css]
[dinsonkadudhus.com/demo/wp-content/themes/twentynineteen/style62ea.css]
[dinsonkadudhus.com/demo/wp-content/themes/twentynineteen/print62ea.css]
